Starting a Gradle Daemon, 1 incompatible Daemon could not be reused, use --status for details
./gradlew : Warning: SDK processing. This version only understands SDK XML versions up to 3 but an 
SDK XML file of version 4 was encountered. This can happen if you use versions of Android Studio and 
the command-line tools that were released at different times.
At line:1 char:65
+ ... ndroid\Android Studio\jbr"; ./gradlew compileDebugKotlin 2>&1 | Out-F ...
+                                 ~~~~~~~~~~~~~~~~~~~~~~~~~~~~~~~~~
    + CategoryInfo          : NotSpecified: (Warning: SDK pr...ifferent times.:String) [], RemoteExc 
   eption
    + FullyQualifiedErrorId : NativeCommandError
 
> Task :app:preBuild UP-TO-DATE
> Task :app:preDebugBuild UP-TO-DATE
> Task :app:checkDebugAarMetadata UP-TO-DATE
> Task :app:generateDebugResValues UP-TO-DATE
> Task :app:processDebugGoogleServices UP-TO-DATE
> Task :app:mapDebugSourceSetPaths UP-TO-DATE
> Task :app:generateDebugResources UP-TO-DATE
> Task :app:mergeDebugResources UP-TO-DATE
> Task :app:packageDebugResources UP-TO-DATE
> Task :app:parseDebugLocalResources UP-TO-DATE
> Task :app:createDebugCompatibleScreenManifests UP-TO-DATE
> Task :app:extractDeepLinksDebug UP-TO-DATE
> Task :app:processDebugMainManifest UP-TO-DATE
> Task :app:processDebugManifest UP-TO-DATE
> Task :app:processDebugManifestForPackage UP-TO-DATE
> Task :app:processDebugResources UP-TO-DATE
> Task :app:compileDebugKotlin
w: file:///C:/Users/braya/.gemini/antigravity/scratch/CLOES_v2_Fixed/app/src/main/java/com/cloes/app/ui/screens/SidePanel.kt:117:51 'Logout: ImageVector' is deprecated. Use the AutoMirrored version at Icons.AutoMirrored.Filled.Logout
w: file:///C:/Users/braya/.gemini/antigravity/scratch/CLOES_v2_Fixed/app/src/main/java/com/cloes/app/ui/screens/SidePanelScreens.kt:106:53 'ArrowBack: ImageVector' is deprecated. Use the AutoMirrored version at Icons.AutoMirrored.Filled.ArrowBack
w: file:///C:/Users/braya/.gemini/antigravity/scratch/CLOES_v2_Fixed/app/src/main/java/com/cloes/app/ui/screens/SidePanelScreens.kt:174:49 'ArrowBack: ImageVector' is deprecated. Use the AutoMirrored version at Icons.AutoMirrored.Filled.ArrowBack
w: file:///C:/Users/braya/.gemini/antigravity/scratch/CLOES_v2_Fixed/app/src/main/java/com/cloes/app/ui/screens/SidePanelScreens.kt:210:52 'OpenInNew: ImageVector' is deprecated. Use the AutoMirrored version at Icons.AutoMirrored.Filled.OpenInNew
w: file:///C:/Users/braya/.gemini/antigravity/scratch/CLOES_v2_Fixed/app/src/main/java/com/cloes/app/ui/screens/SidePanelScreens.kt:254:49 'ArrowBack: ImageVector' is deprecated. Use the AutoMirrored version at Icons.AutoMirrored.Filled.ArrowBack
w: file:///C:/Users/braya/.gemini/antigravity/scratch/CLOES_v2_Fixed/app/src/main/java/com/cloes/app/ui/screens/SidePanelScreens.kt:424:49 'ArrowBack: ImageVector' is deprecated. Use the AutoMirrored version at Icons.AutoMirrored.Filled.ArrowBack
w: file:///C:/Users/braya/.gemini/antigravity/scratch/CLOES_v2_Fixed/app/src/main/java/com/cloes/app/ui/screens/SidePanelScreens.kt:597:40 'Send: ImageVector' is deprecated. Use the AutoMirrored version at Icons.AutoMirrored.Filled.Send
w: file:///C:/Users/braya/.gemini/antigravity/scratch/CLOES_v2_Fixed/app/src/main/java/com/cloes/app/ui/screens/SidePanelScreens.kt:748:63 'ArrowBack: ImageVector' is deprecated. Use the AutoMirrored version at Icons.AutoMirrored.Filled.ArrowBack
w: file:///C:/Users/braya/.gemini/antigravity/scratch/CLOES_v2_Fixed/app/src/main/java/com/cloes/app/ui/screens/SidePanelScreens.kt:780:63 'ArrowBack: ImageVector' is deprecated. Use the AutoMirrored version at Icons.AutoMirrored.Filled.ArrowBack
w: file:///C:/Users/braya/.gemini/antigravity/scratch/CLOES_v2_Fixed/app/src/main/java/com/cloes/app/ui/screens/SidePanelScreens.kt:822:63 'ArrowBack: ImageVector' is deprecated. Use the AutoMirrored version at Icons.AutoMirrored.Filled.ArrowBack
w: file:///C:/Users/braya/.gemini/antigravity/scratch/CLOES_v2_Fixed/app/src/main/java/com/cloes/app/ui/screens/SidePanelScreens.kt:881:63 'ArrowBack: ImageVector' is deprecated. Use the AutoMirrored version at Icons.AutoMirrored.Filled.ArrowBack
w: file:///C:/Users/braya/.gemini/antigravity/scratch/CLOES_v2_Fixed/app/src/main/java/com/cloes/app/ui/screens/SidePanelScreens.kt:935:63 'ArrowBack: ImageVector' is deprecated. Use the AutoMirrored version at Icons.AutoMirrored.Filled.ArrowBack
w: file:///C:/Users/braya/.gemini/antigravity/scratch/CLOES_v2_Fixed/app/src/main/java/com/cloes/app/ui/screens/SidePanelScreens.kt:981:59 'ArrowBack: ImageVector' is deprecated. Use the AutoMirrored version at Icons.AutoMirrored.Filled.ArrowBack
w: file:///C:/Users/braya/.gemini/antigravity/scratch/CLOES_v2_Fixed/app/src/main/java/com/cloes/app/ui/screens/SidePanelScreens.kt:1053:59 'ArrowBack: ImageVector' is deprecated. Use the AutoMirrored version at Icons.AutoMirrored.Filled.ArrowBack
w: file:///C:/Users/braya/.gemini/antigravity/scratch/CLOES_v2_Fixed/app/src/main/java/com/cloes/app/ui/screens/SidePanelScreens.kt:1168:59 'ArrowBack: ImageVector' is deprecated. Use the AutoMirrored version at Icons.AutoMirrored.Filled.ArrowBack
w: file:///C:/Users/braya/.gemini/antigravity/scratch/CLOES_v2_Fixed/app/src/main/java/com/cloes/app/ui/screens/SidePanelScreens.kt:1375:59 'ArrowBack: ImageVector' is deprecated. Use the AutoMirrored version at Icons.AutoMirrored.Filled.ArrowBack
w: file:///C:/Users/braya/.gemini/antigravity/scratch/CLOES_v2_Fixed/app/src/main/java/com/cloes/app/ui/screens/SidePanelScreens.kt:1554:63 'ArrowBack: ImageVector' is deprecated. Use the AutoMirrored version at Icons.AutoMirrored.Filled.ArrowBack
w: file:///C:/Users/braya/.gemini/antigravity/scratch/CLOES_v2_Fixed/app/src/main/java/com/cloes/app/ui/screens/SidePanelScreens.kt:1602:59 'ArrowBack: ImageVector' is deprecated. Use the AutoMirrored version at Icons.AutoMirrored.Filled.ArrowBack
w: file:///C:/Users/braya/.gemini/antigravity/scratch/CLOES_v2_Fixed/app/src/main/java/com/cloes/app/ui/screens/SidePanelScreens.kt:1675:9 Variable 'canvasCleared' is never used
w: file:///C:/Users/braya/.gemini/antigravity/scratch/CLOES_v2_Fixed/app/src/main/java/com/cloes/app/ui/screens/SidePanelScreens.kt:1679:9 Variable 'scope' is never used
w: file:///C:/Users/braya/.gemini/antigravity/scratch/CLOES_v2_Fixed/app/src/main/java/com/cloes/app/ui/screens/SidePanelScreens.kt:1706:49 'ArrowBack: ImageVector' is deprecated. Use the AutoMirrored version at Icons.AutoMirrored.Filled.ArrowBack
w: file:///C:/Users/braya/.gemini/antigravity/scratch/CLOES_v2_Fixed/app/src/main/java/com/cloes/app/ui/screens/SidePanelScreens.kt:1719:49 'Undo: ImageVector' is deprecated. Use the AutoMirrored version at Icons.AutoMirrored.Filled.Undo
w: file:///C:/Users/braya/.gemini/antigravity/scratch/CLOES_v2_Fixed/app/src/main/java/com/cloes/app/ui/screens/SidePanelScreens.kt:1724:49 'Redo: ImageVector' is deprecated. Use the AutoMirrored version at Icons.AutoMirrored.Filled.Redo
w: file:///C:/Users/braya/.gemini/antigravity/scratch/CLOES_v2_Fixed/app/src/main/java/com/cloes/app/viewmodel/AppViewModel.kt:275:27 Parameter 'ctx' is never used
w: file:///C:/Users/braya/.gemini/antigravity/scratch/CLOES_v2_Fixed/app/src/main/java/com/cloes/app/viewmodel/AppViewModel.kt:468:25 Parameter 'text' is never used

[Incubating] Problems report is available at: file:///C:/Users/braya/.gemini/antigravity/scratch/CLOES_v2_Fixed/build/reports/problems/problems-report.html

Deprecated Gradle features were used in this build, making it incompatible with Gradle 10.0.

You can use '--warning-mode all' to show the individual deprecation warnings and determine if they come from your own scripts or plugins.

For more on this, please refer to https://docs.gradle.org/9.0-milestone-1/userguide/command_line_interface.html#sec:command_line_warnings in the Gradle documentation.

BUILD SUCCESSFUL in 1m 17s
14 actionable tasks: 1 executed, 13 up-to-date
